<html>
<body>
<pre>
<h1>µVision Build Log</h1>
<h2>Tool Versions:</h2>
IDE-Version: µVision V5.37.0.0
Copyright (C) 2022 ARM Ltd and ARM Germany GmbH. All rights reserved.
License Information: Shady Abdelkhalek, Udacity, LIC=----
 
Tool Versions:
Toolchain:       MDK-Lite  Version: 5.37.0.0
Toolchain Path:  C:\Keil_v5\ARM\ARMCLANG\Bin
C Compiler:      ArmClang.exe V6.18
Assembler:       Armasm.exe V6.18
Linker/Locator:  ArmLink.exe V6.18
Library Manager: ArmAr.exe V6.18
Hex Converter:   FromElf.exe V6.18
CPU DLL:         SARMCM3.DLL V5.37.0.0
Dialog DLL:      DCM.DLL V1.17.5.0
Target DLL:      UL2CM3.DLL V1.164.7.0
Dialog DLL:      TCM.DLL V1.56.1.0
 
<h2>Project:</h2>
F:\Embedded_Dev\__workspace\LED_BLINK_FWD\LED_BLINK_PROJECT.uvprojx
Project File Date:  11/21/2022

<h2>Output:</h2>
*** Using Compiler 'V6.18', folder: 'C:\Keil_v5\ARM\ARMCLANG\Bin'
Build target 'Target 1'
LED_BLINK/Src/APP/app.c(1): warning: In file included from...
LED_BLINK/Src/APP/app.h(1): warning: In file included from...
./LED_BLINK/Src/MCAL/GPIO DRIVER\GPIO_interface.h(17): warning: In file included from...
./LED_BLINK/Src/MCAL/GPIO DRIVER/GPIO_private.h(18): warning: In file included from...
./LED_BLINK/Src/MCAL/GPIO DRIVER/GPIO_config.h(19): warning: // comments are not allowed in this language [-Wcomment]
//#define GPIOA_AHB           /* Define Port A to us AHB Bus */
^
LED_BLINK/Src/APP/app.c(14): warning: function 'app_start' could be declared with attribute 'noreturn' [-Wmissing-noreturn]
{
^
2 warnings generated.
compiling app.c...
linking...
Program Size: Code=1132 RO-data=636 RW-data=0 ZI-data=616  
".\Objects\LED_BLINK_PROJECT.axf" - 0 Error(s), 2 Warning(s).

<h2>Software Packages used:</h2>

Package Vendor: ARM
                http://www.keil.com/pack/ARM.CMSIS.5.9.0.pack
                ARM.CMSIS.5.9.0
                CMSIS (Common Microcontroller Software Interface Standard)
   * Component: CORE Version: 5.6.0

Package Vendor: Keil
                http://www.keil.com/pack/Keil.TM4C_DFP.1.1.0.pack
                Keil.TM4C_DFP.1.1.0
                Texas Instruments Tiva C Series Device Support and Examples
   * Component: Startup Version: 1.0.1

<h2>Collection of Component include folders:</h2>
  ./RTE/_Target_1
  C:/Users/HeroF/AppData/Local/Arm/Packs/ARM/CMSIS/5.9.0/CMSIS/Core/Include
  C:/Users/HeroF/AppData/Local/Arm/Packs/Keil/TM4C_DFP/1.1.0/Device/Include/TM4C123

<h2>Collection of Component Files used:</h2>

   * Component: ARM::CMSIS:CORE:5.6.0

   * Component: Keil::Device:Startup:1.0.1
      Include file:  Device/Include/TM4C123/TM4C123.h
      Source file:   Device/Source/ARM/startup_TM4C123.s
      Source file:   Device/Source/system_TM4C123.c
Build Time Elapsed:  00:00:00
</pre>
</body>
</html>
